2026-08-08 [13:07:18.221] [INFO] 启动：账号=6553458@qq.com，DEBUG=关，模式=--test
2026-08-08 [13:07:18.223] [INFO] 配置：刷新 4~5 分钟，发送 13~15 分钟。
2026-08-08 [13:07:18.224] [INFO] 日志：写入 logs\2026-08-08.log，保留最近 3 天。
2026-08-08 [13:07:18.225] [INFO] 已读取本地会话 session.json（Cookie: monkeycode_ai_session）。
2026-08-08 [13:07:18.451] [INFO] 已有会话有效，跳过登录。
2026-08-08 [13:07:18.452] [INFO] === 测试模式：执行一次刷新 ===
2026-08-08 [13:07:18.453] [INFO] R1 刷新开始
2026-08-08 [13:07:18.564] [INFO] R1 status -> 200
2026-08-08 [13:07:18.675] [INFO] R1 task 6e652e14-f41a-4e1d-95bf-19245a10015e 详情 -> 200
2026-08-08 [13:07:18.767] [INFO] R1 task 6e652e14-f41a-4e1d-95bf-19245a10015e user-inputs -> 200
2026-08-08 [13:07:18.812] [INFO] R1 wallet -> 200
2026-08-08 [13:07:18.846] [INFO] R1 subscription -> 200
2026-08-08 [13:07:18.846] [INFO] R1 刷新完成，用时 393ms
2026-08-08 [13:07:18.846] [INFO] === 测试模式：执行一次发送对话 ===
2026-08-08 [13:07:18.847] [INFO] C1 发送对话开始
2026-08-08 [13:07:19.160] [WARN] C1 [会话卡住] 检测到上一轮会话仍在执行（status=processing）｜会话ID=C1｜任务ID=6e652e14-f41a-4e1d-95bf-19245a10015e｜检测时刻=2026-08-08 13:07:19.160
2026-08-08 [13:07:19.161] [WARN] C1 [会话卡住] 即将发送 user-cancel 终止会话（不影响任务/VM/文件）...
2026-08-08 [13:07:21.286] [INFO] C1 [会话卡住] user-cancel 已完成｜会话ID=C1｜任务ID=6e652e14-f41a-4e1d-95bf-19245a10015e｜发送时刻=2026-08-08 13:07:19.161｜完成时刻=2026-08-08 13:07:21.286｜耗时=2125ms
2026-08-08 [13:07:24.770] [INFO] C1 重置上下文成功（任务 6e652e14-f41a-4e1d-95bf-19245a10015e，3484ms）
2026-08-08 [13:07:30.933] [INFO] C1 已向任务 6e652e14-f41a-4e1d-95bf-19245a10015e 发送对话（6162ms）：CSS 中 flex 布局的默认主轴方向是水平的——这个说法正确吗？只需回 1 或 0。
2026-08-08 [13:07:30.934] [INFO] C1 发送对话完成，用时 12087ms
2026-08-08 [13:07:30.934] [INFO] === 测试完成 ===
2026-08-08 [13:08:16.457] [INFO] 启动：账号=6553458@qq.com，DEBUG=关，模式=--test
2026-08-08 [13:08:16.461] [INFO] 配置：刷新 4~5 分钟，发送 13~15 分钟。
2026-08-08 [13:08:16.461] [INFO] 日志：写入 logs\2026-08-08.log，保留最近 3 天。
2026-08-08 [13:08:16.462] [INFO] 已读取本地会话 session.json（Cookie: monkeycode_ai_session）。
2026-08-08 [13:10:50.753] [INFO] 启动：账号=6553458@qq.com，DEBUG=关
2026-08-08 [13:10:50.760] [INFO] 配置：刷新 4~5 分钟，发送 10~13 分钟。
2026-08-08 [13:10:50.760] [INFO] 日志：写入 logs\2026-08-08.log，保留最近 3 天。
2026-08-08 [13:10:50.761] [INFO] 已读取本地会话 session.json（Cookie: monkeycode_ai_session）。
2026-08-08 [13:10:51.022] [INFO] 已有会话有效，跳过登录。
2026-08-08 [13:10:51.024] [INFO] R1 刷新开始
2026-08-08 [13:10:51.026] [INFO] 保活已启动：刷新 4~5 分钟/次，发送对话 10~13 分钟/次。按 Ctrl+C 退出。
2026-08-08 [13:10:51.157] [INFO] R1 status -> 200
2026-08-08 [13:10:51.297] [INFO] R1 task 6e652e14-f41a-4e1d-95bf-19245a10015e 详情 -> 200
2026-08-08 [13:10:51.389] [INFO] R1 task 6e652e14-f41a-4e1d-95bf-19245a10015e user-inputs -> 200
2026-08-08 [13:10:51.457] [INFO] R1 wallet -> 200
2026-08-08 [13:10:51.490] [INFO] R1 subscription -> 200
2026-08-08 [13:10:51.491] [INFO] R1 刷新完成，用时 467ms
2026-08-08 [13:10:51.492] [INFO] 下次刷新约在 4.1 分钟后。
2026-08-08 [13:11:13.724] [INFO] C1 发送对话开始
2026-08-08 [13:11:14.353] [WARN] C1 [会话卡住] 检测到上一轮会话仍在执行（status=processing）｜会话ID=C1｜任务ID=6e652e14-f41a-4e1d-95bf-19245a10015e｜检测时刻=2026-08-08 13:11:14.353
2026-08-08 [13:11:14.354] [WARN] C1 [会话卡住] 即将发送 user-cancel 终止会话（不影响任务/VM/文件）...
2026-08-08 [13:11:16.410] [INFO] C1 [会话卡住] user-cancel 已完成｜会话ID=C1｜任务ID=6e652e14-f41a-4e1d-95bf-19245a10015e｜发送时刻=2026-08-08 13:11:14.355｜完成时刻=2026-08-08 13:11:16.410｜耗时=2055ms
2026-08-08 [13:11:19.891] [INFO] C1 重置上下文成功（任务 6e652e14-f41a-4e1d-95bf-19245a10015e，3480ms）
2026-08-08 [13:11:26.005] [INFO] C1 已向任务 6e652e14-f41a-4e1d-95bf-19245a10015e 发送对话（6113ms）：JavaScript 里 typeof null 的结果是 "object"——这个说法正确吗？只需回 1 或 0。
2026-08-08 [13:11:26.006] [INFO] C1 发送对话完成，用时 12282ms
2026-08-08 [13:11:26.010] [INFO] 下次发送对话约在 10.8 分钟后。
2026-08-08 [13:15:00.212] [INFO] R2 刷新开始
2026-08-08 [13:15:00.454] [INFO] R2 status -> 200
2026-08-08 [13:15:00.662] [INFO] R2 task 6e652e14-f41a-4e1d-95bf-19245a10015e 详情 -> 200
2026-08-08 [13:15:00.758] [INFO] R2 task 6e652e14-f41a-4e1d-95bf-19245a10015e user-inputs -> 200
2026-08-08 [13:15:00.804] [INFO] R2 wallet -> 200
2026-08-08 [13:15:00.843] [INFO] R2 subscription -> 200
2026-08-08 [13:15:00.844] [INFO] R2 刷新完成，用时 632ms
2026-08-08 [13:15:00.846] [INFO] 下次刷新约在 4.9 分钟后。
2026-08-08 [13:19:55.070] [INFO] R3 刷新开始
2026-08-08 [13:19:55.205] [INFO] R3 status -> 200
2026-08-08 [13:19:55.386] [INFO] R3 task 6e652e14-f41a-4e1d-95bf-19245a10015e 详情 -> 200
2026-08-08 [13:19:55.487] [INFO] R3 task 6e652e14-f41a-4e1d-95bf-19245a10015e user-inputs -> 200
2026-08-08 [13:19:55.531] [INFO] R3 wallet -> 200
2026-08-08 [13:19:55.563] [INFO] R3 subscription -> 200
2026-08-08 [13:19:55.564] [INFO] R3 刷新完成，用时 494ms
2026-08-08 [13:19:55.565] [INFO] 下次刷新约在 4.3 分钟后。
2026-08-08 [13:22:14.796] [INFO] C2 发送对话开始
2026-08-08 [13:22:15.434] [WARN] C2 [会话卡住] 检测到上一轮会话仍在执行（status=processing）｜会话ID=C2｜任务ID=6e652e14-f41a-4e1d-95bf-19245a10015e｜检测时刻=2026-08-08 13:22:15.434
2026-08-08 [13:22:15.435] [WARN] C2 [会话卡住] 即将发送 user-cancel 终止会话（不影响任务/VM/文件）...
2026-08-08 [13:22:17.488] [INFO] C2 [会话卡住] user-cancel 已完成｜会话ID=C2｜任务ID=6e652e14-f41a-4e1d-95bf-19245a10015e｜发送时刻=2026-08-08 13:22:15.436｜完成时刻=2026-08-08 13:22:17.488｜耗时=2052ms
2026-08-08 [13:22:21.572] [INFO] C2 重置上下文成功（任务 6e652e14-f41a-4e1d-95bf-19245a10015e，4083ms）
2026-08-08 [13:22:27.767] [INFO] C2 已向任务 6e652e14-f41a-4e1d-95bf-19245a10015e 发送对话（6194ms）：Python 中 list 是线程安全的——这个说法正确吗？只需回 1 或 0。
2026-08-08 [13:22:27.769] [INFO] C2 发送对话完成，用时 12973ms
2026-08-08 [13:22:27.770] [INFO] 下次发送对话约在 10.6 分钟后。
2026-08-08 [13:24:11.985] [INFO] R4 刷新开始
2026-08-08 [13:24:12.120] [INFO] R4 status -> 200
2026-08-08 [13:24:12.314] [INFO] R4 task 6e652e14-f41a-4e1d-95bf-19245a10015e 详情 -> 200
2026-08-08 [13:24:12.416] [INFO] R4 task 6e652e14-f41a-4e1d-95bf-19245a10015e user-inputs -> 200
2026-08-08 [13:24:12.465] [INFO] R4 wallet -> 200
2026-08-08 [13:24:12.500] [INFO] R4 subscription -> 200
2026-08-08 [13:24:12.501] [INFO] R4 刷新完成，用时 516ms
2026-08-08 [13:24:12.501] [INFO] 下次刷新约在 4.3 分钟后。
2026-08-08 [13:28:28.126] [INFO] R5 刷新开始
2026-08-08 [13:28:28.275] [INFO] R5 status -> 200
2026-08-08 [13:28:28.491] [INFO] R5 task 6e652e14-f41a-4e1d-95bf-19245a10015e 详情 -> 200
2026-08-08 [13:28:28.591] [INFO] R5 task 6e652e14-f41a-4e1d-95bf-19245a10015e user-inputs -> 200
2026-08-08 [13:28:28.630] [INFO] R5 wallet -> 200
2026-08-08 [13:28:28.680] [INFO] R5 subscription -> 200
2026-08-08 [13:28:28.681] [INFO] R5 刷新完成，用时 555ms
2026-08-08 [13:28:28.682] [INFO] 下次刷新约在 4.3 分钟后。
2026-08-08 [14:00:23.109] [INFO] 启动：账号=6553458@qq.com，DEBUG=开，模式=--test
2026-08-08 [14:00:23.111] [INFO] 配置：刷新 4~5 分钟，发送 10~13 分钟。
2026-08-08 [14:00:23.111] [INFO] 日志：写入 logs\2026-08-08.log，保留最近 3 天。
2026-08-08 [14:00:23.112] [INFO] 已读取本地会话 session.json（Cookie: monkeycode_ai_session）。
2026-08-08 [14:00:23.113] [DEBUG] HTTP -> GET /api/v1/users/status
2026-08-08 [14:00:23.305] [DEBUG] HTTP <- 200 GET /api/v1/users/status 192ms 374B
2026-08-08 [14:00:23.305] [INFO] 已有会话有效，跳过登录。
2026-08-08 [14:00:23.306] [INFO] === 测试模式：执行一次刷新 ===
2026-08-08 [14:00:23.306] [INFO] R1 刷新开始
2026-08-08 [14:00:23.307] [DEBUG] HTTP -> GET /api/v1/users/status
2026-08-08 [14:00:23.473] [DEBUG] HTTP <- 200 GET /api/v1/users/status 166ms 374B
2026-08-08 [14:00:23.474] [INFO] R1 status -> 200
2026-08-08 [14:00:23.475] [DEBUG] HTTP -> GET /api/v1/users/tasks?page=1&size=24
2026-08-08 [14:00:23.543] [DEBUG] HTTP <- 200 GET /api/v1/users/tasks?page=1&size=24 68ms 5513B
2026-08-08 [14:00:23.544] [DEBUG] R1 活跃任务数=2，选中 taskId=6e652e14-f41a-4e1d-95bf-19245a10015e
2026-08-08 [14:00:23.544] [DEBUG] HTTP -> GET /api/v1/users/tasks/6e652e14-f41a-4e1d-95bf-19245a10015e
2026-08-08 [14:00:23.605] [DEBUG] HTTP <- 200 GET /api/v1/users/tasks/6e652e14-f41a-4e1d-95bf-19245a10015e 61ms 2919B
2026-08-08 [14:00:23.605] [INFO] R1 task 6e652e14-f41a-4e1d-95bf-19245a10015e 详情 -> 200
2026-08-08 [14:00:23.606] [DEBUG] HTTP -> GET /api/v1/users/tasks/user-inputs?id=6e652e14-f41a-4e1d-95bf-19245a10015e&limit=10
2026-08-08 [14:00:23.686] [DEBUG] HTTP <- 200 GET /api/v1/users/tasks/user-inputs?id=6e652e14-f41a-4e1d-95bf-19245a10015e&limit=10 80ms 2205B
2026-08-08 [14:00:23.686] [INFO] R1 task 6e652e14-f41a-4e1d-95bf-19245a10015e user-inputs -> 200
2026-08-08 [14:00:23.687] [DEBUG] HTTP -> GET /api/v1/users/wallet
2026-08-08 [14:00:23.734] [DEBUG] HTTP <- 200 GET /api/v1/users/wallet 47ms 156B
2026-08-08 [14:00:23.734] [INFO] R1 wallet -> 200
2026-08-08 [14:00:23.734] [DEBUG] HTTP -> GET /api/v1/users/subscription
2026-08-08 [14:00:23.774] [DEBUG] HTTP <- 200 GET /api/v1/users/subscription 40ms 107B
2026-08-08 [14:00:23.775] [INFO] R1 subscription -> 200
2026-08-08 [14:00:23.775] [INFO] R1 刷新完成，用时 469ms
2026-08-08 [14:00:23.775] [INFO] === 测试模式：执行一次发送对话 ===
2026-08-08 [14:00:23.776] [INFO] C1 发送对话开始
2026-08-08 [14:00:23.776] [DEBUG] HTTP -> GET /api/v1/users/status
2026-08-08 [14:00:23.811] [DEBUG] HTTP <- 200 GET /api/v1/users/status 35ms 374B
2026-08-08 [14:00:23.812] [DEBUG] HTTP -> GET /api/v1/users/tasks?page=1&size=24
2026-08-08 [14:00:23.856] [DEBUG] HTTP <- 200 GET /api/v1/users/tasks?page=1&size=24 44ms 5513B
2026-08-08 [14:00:23.857] [DEBUG] C1 可用任务数=2，选中 taskId=6e652e14-f41a-4e1d-95bf-19245a10015e
2026-08-08 [14:00:23.857] [DEBUG] C1 复用唯一任务：6e652e14-f41a-4e1d-95bf-19245a10015e
2026-08-08 [14:00:23.858] [DEBUG] WS(reset) 连接 /api/v1/users/tasks/control?id=6e652e14-f41a-4e1d-95bf-19245a10015e，request_id=09443583-bdf9-4197-b308-a90f1ab30d87
2026-08-08 [14:00:23.921] [DEBUG] WS(reset) 握手成功（63ms），发送 restart(load_session=false) ...
2026-08-08 [14:00:27.436] [DEBUG] WS(reset) 收到 call-response，success=true（3578ms）
2026-08-08 [14:00:27.437] [INFO] C1 重置上下文成功（任务 6e652e14-f41a-4e1d-95bf-19245a10015e，3580ms）
2026-08-08 [14:00:27.438] [DEBUG] C1 本次内容：判断题：CSS 中 flex 布局的默认主轴方向是水平的。请只回 1 或 0。
2026-08-08 [14:00:27.439] [DEBUG] WS(send) 连接 /api/v1/users/tasks/stream?id=6e652e14-f41a-4e1d-95bf-19245a10015e&mode=new
2026-08-08 [14:00:27.473] [DEBUG] WS(reset) 关闭 code=1005，存活 3615ms
2026-08-08 [14:00:27.490] [DEBUG] WS(send) 握手成功（51ms），发送用户输入帧 ...
2026-08-08 [14:00:27.490] [DEBUG] WS(send) 已发送帧 227B，等待 task-ended（最多 60s）...
2026-08-08 [14:00:27.649] [DEBUG] WS(send) 收到 task-started（服务端已受理，用时 210ms）
2026-08-08 [14:00:29.847] [DEBUG] WS(send) 收到 task-ended（exit_code=0，用时 2408ms）
2026-08-08 [14:00:29.847] [INFO] C1 会话完成｜任务 6e652e14-f41a-4e1d-95bf-19245a10015e｜exit_code=0｜用时 2409ms｜内容：判断题：CSS 中 flex 布局的默认主轴方向是水平的。请只回 1 或 0。
2026-08-08 [14:00:29.848] [INFO] C1 发送对话完成，用时 6072ms
2026-08-08 [14:00:29.848] [INFO] === 测试完成 ===
2026-08-08 [14:00:29.880] [DEBUG] WS(send) 关闭 code=1005，存活 2441ms，ping=0，started=true，ended=true
2026-08-08 [14:05:26.402] [INFO] 启动：账号=6553458@qq.com，DEBUG=开，模式=--test
2026-08-08 [14:05:26.403] [INFO] 配置：刷新 4~5 分钟，发送 10~13 分钟。
2026-08-08 [14:05:26.404] [INFO] 日志：写入 logs\2026-08-08.log，保留最近 3 天。
2026-08-08 [14:05:26.405] [INFO] 已读取本地会话 session.json（Cookie: monkeycode_ai_session）。
2026-08-08 [14:05:26.406] [DEBUG] HTTP -> GET /api/v1/users/status
2026-08-08 [14:05:26.704] [DEBUG] HTTP <- 200 GET /api/v1/users/status 298ms 374B
2026-08-08 [14:05:26.704] [INFO] 已有会话有效，跳过登录。
2026-08-08 [14:05:26.705] [INFO] === 测试模式：执行一次刷新 ===
2026-08-08 [14:05:26.705] [INFO] R1 刷新开始
2026-08-08 [14:05:26.706] [DEBUG] HTTP -> GET /api/v1/users/status
2026-08-08 [14:05:26.823] [DEBUG] HTTP <- 200 GET /api/v1/users/status 117ms 374B
2026-08-08 [14:05:26.823] [INFO] R1 status -> 200
2026-08-08 [14:05:26.824] [DEBUG] HTTP -> GET /api/v1/users/tasks?page=1&size=24
2026-08-08 [14:05:26.881] [DEBUG] HTTP <- 200 GET /api/v1/users/tasks?page=1&size=24 57ms 5501B
2026-08-08 [14:05:26.882] [DEBUG] R1 活跃任务数=2，选中 taskId=6e652e14-f41a-4e1d-95bf-19245a10015e
2026-08-08 [14:05:26.883] [DEBUG] HTTP -> GET /api/v1/users/tasks/6e652e14-f41a-4e1d-95bf-19245a10015e
2026-08-08 [14:05:26.931] [DEBUG] HTTP <- 200 GET /api/v1/users/tasks/6e652e14-f41a-4e1d-95bf-19245a10015e 48ms 2907B
2026-08-08 [14:05:26.932] [INFO] R1 task 6e652e14-f41a-4e1d-95bf-19245a10015e 详情 -> 200
2026-08-08 [14:05:26.933] [DEBUG] HTTP -> GET /api/v1/users/tasks/user-inputs?id=6e652e14-f41a-4e1d-95bf-19245a10015e&limit=10
2026-08-08 [14:05:27.009] [DEBUG] HTTP <- 200 GET /api/v1/users/tasks/user-inputs?id=6e652e14-f41a-4e1d-95bf-19245a10015e&limit=10 76ms 2183B
2026-08-08 [14:05:27.010] [INFO] R1 task 6e652e14-f41a-4e1d-95bf-19245a10015e user-inputs -> 200
2026-08-08 [14:05:27.011] [DEBUG] HTTP -> GET /api/v1/users/wallet
2026-08-08 [14:05:27.053] [DEBUG] HTTP <- 200 GET /api/v1/users/wallet 42ms 156B
2026-08-08 [14:05:27.054] [INFO] R1 wallet -> 200
2026-08-08 [14:05:27.054] [DEBUG] HTTP -> GET /api/v1/users/subscription
2026-08-08 [14:05:27.091] [DEBUG] HTTP <- 200 GET /api/v1/users/subscription 37ms 107B
2026-08-08 [14:05:27.091] [INFO] R1 subscription -> 200
2026-08-08 [14:05:27.091] [INFO] R1 刷新完成，用时 386ms
2026-08-08 [14:05:27.092] [WARN] === [模拟卡住] sessionTimeoutMinutes 临时设为 0.02 分钟（≈1.2s），连发两轮 ===
2026-08-08 [14:05:27.092] [INFO] === 测试模式：第 1 轮发送（预期超时→判卡住）===
2026-08-08 [14:05:27.093] [INFO] C1 发送对话开始
2026-08-08 [14:05:27.094] [DEBUG] HTTP -> GET /api/v1/users/status
2026-08-08 [14:05:27.135] [DEBUG] HTTP <- 200 GET /api/v1/users/status 41ms 374B
2026-08-08 [14:05:27.135] [DEBUG] HTTP -> GET /api/v1/users/tasks?page=1&size=24
2026-08-08 [14:05:27.189] [DEBUG] HTTP <- 200 GET /api/v1/users/tasks?page=1&size=24 54ms 5501B
2026-08-08 [14:05:27.189] [DEBUG] C1 可用任务数=2，选中 taskId=6e652e14-f41a-4e1d-95bf-19245a10015e
2026-08-08 [14:05:27.190] [DEBUG] C1 复用唯一任务：6e652e14-f41a-4e1d-95bf-19245a10015e
2026-08-08 [14:05:27.191] [DEBUG] WS(reset) 连接 /api/v1/users/tasks/control?id=6e652e14-f41a-4e1d-95bf-19245a10015e，request_id=c6e997d2-4017-43dd-929e-e3abf4116519
2026-08-08 [14:05:27.245] [DEBUG] WS(reset) 握手成功（54ms），发送 restart(load_session=false) ...
2026-08-08 [14:05:31.027] [DEBUG] WS(reset) 收到 call-response，success=true（3836ms）
2026-08-08 [14:05:31.028] [INFO] C1 重置上下文成功（任务 6e652e14-f41a-4e1d-95bf-19245a10015e，3838ms）
2026-08-08 [14:05:31.028] [DEBUG] C1 本次内容：是非题：JavaScript 里 typeof null 的结果是 "object"？回答 1 表示对，0 表示错。
2026-08-08 [14:05:31.029] [DEBUG] WS(send) 连接 /api/v1/users/tasks/stream?id=6e652e14-f41a-4e1d-95bf-19245a10015e&mode=new
2026-08-08 [14:05:31.057] [DEBUG] WS(reset) 关闭 code=1005，存活 3866ms
2026-08-08 [14:05:31.078] [DEBUG] WS(send) 握手成功（49ms），发送用户输入帧 ...
2026-08-08 [14:05:31.079] [DEBUG] WS(send) 已发送帧 251B，等待 task-ended（最多 1s）...
2026-08-08 [14:05:31.182] [DEBUG] WS(send) 收到 task-started（服务端已受理，用时 153ms）
2026-08-08 [14:05:32.242] [WARN] WS(send) 等待 task-ended 超时（1s）：started=true ended=false，判定本轮未结束。ping=0
2026-08-08 [14:05:32.244] [WARN] C1 [会话未结束] 发送后 0.02 分钟内未收到 task-ended（started=true）｜任务 6e652e14-f41a-4e1d-95bf-19245a10015e｜时刻=2026-08-08 14:05:32.244｜下一轮发送前将先终止该会话。
2026-08-08 [14:05:32.245] [WARN] 第1轮如期失败：会话未在 0.02 分钟内结束（卡住）
2026-08-08 [14:05:32.245] [INFO] === 测试模式：第 2 轮发送（预期发送前先 user-cancel）===
2026-08-08 [14:05:32.245] [INFO] C2 发送对话开始
2026-08-08 [14:05:32.246] [DEBUG] HTTP -> GET /api/v1/users/status
2026-08-08 [14:05:32.338] [DEBUG] WS(send) 关闭 code=1005，存活 1309ms，ping=0，started=true，ended=false
2026-08-08 [14:05:32.557] [DEBUG] HTTP <- 200 GET /api/v1/users/status 311ms 374B
2026-08-08 [14:05:32.558] [DEBUG] HTTP -> GET /api/v1/users/tasks?page=1&size=24
2026-08-08 [14:05:32.837] [DEBUG] HTTP <- 200 GET /api/v1/users/tasks?page=1&size=24 279ms 5501B
2026-08-08 [14:05:32.838] [DEBUG] C2 可用任务数=2，选中 taskId=6e652e14-f41a-4e1d-95bf-19245a10015e
2026-08-08 [14:05:32.838] [DEBUG] C2 复用唯一任务：6e652e14-f41a-4e1d-95bf-19245a10015e
2026-08-08 [14:05:32.838] [WARN] C2 [会话卡住] 上一轮会话超时未结束，先 user-cancel 终止旧会话｜会话ID=C2｜任务ID=6e652e14-f41a-4e1d-95bf-19245a10015e｜时刻=2026-08-08 14:05:32.838
2026-08-08 [14:05:32.839] [DEBUG] WS(cancel) 连接 /api/v1/users/tasks/stream?id=6e652e14-f41a-4e1d-95bf-19245a10015e&mode=new
2026-08-08 [14:05:32.892] [DEBUG] WS(cancel) 握手成功（53ms），发送 user-cancel ...
2026-08-08 [14:05:32.893] [DEBUG] WS(cancel) 已发送 {"type":"user-cancel"}
2026-08-08 [14:05:34.899] [INFO] C2 [会话卡住] user-cancel 已完成（2061ms）
2026-08-08 [14:05:34.900] [DEBUG] WS(reset) 连接 /api/v1/users/tasks/control?id=6e652e14-f41a-4e1d-95bf-19245a10015e，request_id=97f7bf81-4040-41e4-aae2-44444fd7f63a
2026-08-08 [14:05:34.927] [DEBUG] WS(cancel) 关闭 code=1005，存活 2088ms
2026-08-08 [14:05:35.041] [DEBUG] WS(reset) 握手成功（141ms），发送 restart(load_session=false) ...
2026-08-08 [14:05:38.993] [DEBUG] WS(reset) 收到 call-response，success=true（4093ms）
2026-08-08 [14:05:38.994] [INFO] C2 重置上下文成功（任务 6e652e14-f41a-4e1d-95bf-19245a10015e，4094ms）
2026-08-08 [14:05:38.994] [DEBUG] C2 本次内容：是非题：二分查找要求数据必须有序？回答 1 表示对，0 表示错。
2026-08-08 [14:05:38.995] [DEBUG] WS(send) 连接 /api/v1/users/tasks/stream?id=6e652e14-f41a-4e1d-95bf-19245a10015e&mode=new
2026-08-08 [14:05:39.076] [DEBUG] WS(reset) 关闭 code=1005，存活 4176ms
2026-08-08 [14:05:39.295] [DEBUG] WS(send) 握手成功（300ms），发送用户输入帧 ...
2026-08-08 [14:05:39.296] [DEBUG] WS(send) 已发送帧 227B，等待 task-ended（最多 1s）...
2026-08-08 [14:05:39.425] [DEBUG] WS(send) 收到 task-started（服务端已受理，用时 430ms）
2026-08-08 [14:05:40.203] [WARN] WS(send) 等待 task-ended 超时（1s）：started=true ended=false，判定本轮未结束。ping=0
2026-08-08 [14:05:40.205] [WARN] C2 [会话未结束] 发送后 0.02 分钟内未收到 task-ended（started=true）｜任务 6e652e14-f41a-4e1d-95bf-19245a10015e｜时刻=2026-08-08 14:05:40.205｜下一轮发送前将先终止该会话。
2026-08-08 [14:05:40.205] [WARN] 第2轮失败：会话未在 0.02 分钟内结束（卡住）
2026-08-08 [14:05:40.206] [INFO] === 测试完成 ===
2026-08-08 [14:05:40.265] [DEBUG] WS(send) 关闭 code=1005，存活 1270ms，ping=0，started=true，ended=false
2026-08-08 [14:07:02.014] [INFO] 启动：账号=6553458@qq.com，DEBUG=关
2026-08-08 [14:07:02.021] [INFO] 配置：刷新 4~5 分钟，发送 10~13 分钟。
2026-08-08 [14:07:02.021] [INFO] 日志：写入 logs\2026-08-08.log，保留最近 3 天。
2026-08-08 [14:07:02.022] [INFO] 已读取本地会话 session.json（Cookie: monkeycode_ai_session）。
2026-08-08 [14:07:02.194] [INFO] 已有会话有效，跳过登录。
2026-08-08 [14:07:02.196] [INFO] R1 刷新开始
2026-08-08 [14:07:02.198] [INFO] 保活已启动：刷新 4~5 分钟/次，发送对话 10~13 分钟/次。按 Ctrl+C 退出。
2026-08-08 [14:07:02.384] [INFO] R1 status -> 200
2026-08-08 [14:07:02.493] [INFO] R1 task 6e652e14-f41a-4e1d-95bf-19245a10015e 详情 -> 200
2026-08-08 [14:07:02.560] [INFO] R1 task 6e652e14-f41a-4e1d-95bf-19245a10015e user-inputs -> 200
2026-08-08 [14:07:02.622] [INFO] R1 wallet -> 200
2026-08-08 [14:07:02.654] [INFO] R1 subscription -> 200
2026-08-08 [14:07:02.654] [INFO] R1 刷新完成，用时 458ms
2026-08-08 [14:07:02.655] [INFO] 下次刷新约在 4.1 分钟后。
2026-08-08 [14:07:44.043] [INFO] C1 发送对话开始
2026-08-08 [14:07:48.043] [INFO] C1 重置上下文成功（任务 6e652e14-f41a-4e1d-95bf-19245a10015e，3772ms）
2026-08-08 [14:07:50.699] [INFO] C1 会话完成｜任务 6e652e14-f41a-4e1d-95bf-19245a10015e｜exit_code=0｜用时 2656ms｜内容：快速确认一下：二分查找要求数据必须有序，对吗？只回 1（对）或 0（错）即可。
2026-08-08 [14:07:50.700] [INFO] C1 发送对话完成，用时 6657ms
2026-08-08 [14:07:50.706] [INFO] 下次发送对话约在 12.6 分钟后。
